c:\users\user\desktop\mysdlgame\mysdlgame\x64\release\gamescene.obj
c:\users\user\desktop\mysdlgame\mysdlgame\x64\release\mytools.obj
c:\users\user\desktop\mysdlgame\mysdlgame\x64\release\mysdlgame.obj
c:\users\user\desktop\mysdlgame\mysdlgame\x64\release\mainmenu.obj
c:\users\user\desktop\mysdlgame\mysdlgame\x64\release\vc145.pdb
c:\users\user\source\repos\mysdlgame\x64\release\mysdlgame.exe
c:\users\user\desktop\mysdlgame\x64\release\mysdlgame.exe
c:\users\user\source\repos\mysdlgame\mysdlgame\x64\release\mysdlgame.res
c:\users\user\desktop\mysdlgame\mysdlgame\x64\release\mysdlgame.res
c:\users\user\desktop\mysdlgame\mysdlgame\x64\release\mysdlgame.ipdb
c:\users\user\desktop\mysdlgame\mysdlgame\x64\release\mysdlgame.iobj
c:\users\user\desktop\mysdlgame\mysdlgame\x64\release\res.res
c:\users\user\desktop\mysdlgame\mysdlgame\x64\release\mysdlgame.tlog\cl.command.1.tlog
c:\users\user\desktop\mysdlgame\mysdlgame\x64\release\mysdlgame.tlog\cl.items.tlog
c:\users\user\desktop\mysdlgame\mysdlgame\x64\release\mysdlgame.tlog\cl.read.1.tlog
c:\users\user\desktop\mysdlgame\mysdlgame\x64\release\mysdlgame.tlog\cl.write.1.tlog
c:\users\user\desktop\mysdlgame\mysdlgame\x64\release\mysdlgame.tlog\link.command.1.tlog
c:\users\user\desktop\mysdlgame\mysdlgame\x64\release\mysdlgame.tlog\link.read.1.tlog
c:\users\user\desktop\mysdlgame\mysdlgame\x64\release\mysdlgame.tlog\link.secondary.1.tlog
c:\users\user\desktop\mysdlgame\mysdlgame\x64\release\mysdlgame.tlog\link.write.1.tlog
c:\users\user\desktop\mysdlgame\mysdlgame\x64\release\mysdlgame.tlog\rc.command.1.tlog
c:\users\user\desktop\mysdlgame\mysdlgame\x64\release\mysdlgame.tlog\rc.read.1.tlog
c:\users\user\desktop\mysdlgame\mysdlgame\x64\release\mysdlgame.tlog\rc.write.1.tlog
